[0.080s] DEBUG:colcon:Command line arguments: ['/usr/bin/colcon', 'build']
[0.080s] DEBUG:colcon:Parsed command line arguments: Namespace(log_base=None, log_level=None, verb_name='build', build_base='build', install_base='install', merge_install=False, symlink_install=False, test_result_base=None, continue_on_error=False, executor='parallel', parallel_workers=12, event_handlers=None, ignore_user_meta=False, metas=['./colcon.meta'], base_paths=['.'], packages_ignore=None, packages_ignore_regex=None, paths=None, packages_up_to=None, packages_up_to_regex=None, packages_above=None, packages_above_and_dependencies=None, packages_above_depth=None, packages_select_by_dep=None, packages_skip_by_dep=None, packages_skip_up_to=None, packages_select_build_failed=False, packages_skip_build_finished=False, packages_select_test_failures=False, packages_skip_test_passed=False, packages_select=None, packages_skip=None, packages_select_regex=None, packages_skip_regex=None, packages_start=None, packages_end=None, allow_overriding=[], cmake_args=None, cmake_target=None, cmake_target_skip_unavailable=False, cmake_clean_cache=False, cmake_clean_first=False, cmake_force_configure=False, ament_cmake_args=None, catkin_cmake_args=None, catkin_skip_building_tests=False, mixin_files=None, mixin=None, verb_parser=<colcon_mixin.mixin.mixin_argument.MixinArgumentDecorator object at 0x711512b5e380>, verb_extension=<colcon_core.verb.build.BuildVerb object at 0x711512adfd30>, main=<bound method BuildVerb.main of <colcon_core.verb.build.BuildVerb object at 0x711512adfd30>>, mixin_verb=('build',))
[0.214s] Level 1:colcon.colcon_core.package_discovery:discover_packages(colcon_meta) check parameters
[0.214s] Level 1:colcon.colcon_core.package_discovery:discover_packages(recursive) check parameters
[0.214s] Level 1:colcon.colcon_core.package_discovery:discover_packages(ignore) check parameters
[0.214s] Level 1:colcon.colcon_core.package_discovery:discover_packages(path) check parameters
[0.214s] Level 1:colcon.colcon_core.package_discovery:discover_packages(colcon_meta) discover
[0.214s] Level 1:colcon.colcon_core.package_discovery:discover_packages(recursive) discover
[0.214s] INFO:colcon.colcon_core.package_discovery:Crawling recursively for packages in '/home/b/FRA532-LAB'
[0.214s] Level 1:colcon.colcon_core.package_identification:_identify(.) by extensions ['ignore', 'ignore_ament_install']
[0.214s] Level 1:colcon.colcon_core.package_identification:_identify(.) by extension 'ignore'
[0.214s] Level 1:colcon.colcon_core.package_identification:_identify(.) by extension 'ignore_ament_install'
[0.214s] Level 1:colcon.colcon_core.package_identification:_identify(.) by extensions ['colcon_pkg']
[0.214s] Level 1:colcon.colcon_core.package_identification:_identify(.) by extension 'colcon_pkg'
[0.214s] Level 1:colcon.colcon_core.package_identification:_identify(.) by extensions ['colcon_meta']
[0.214s] Level 1:colcon.colcon_core.package_identification:_identify(.) by extension 'colcon_meta'
[0.214s] Level 1:colcon.colcon_core.package_identification:_identify(.) by extensions ['ros']
[0.214s] Level 1:colcon.colcon_core.package_identification:_identify(.) by extension 'ros'
[0.228s] Level 1:colcon.colcon_core.package_identification:_identify(.) by extensions ['cmake', 'python']
[0.228s] Level 1:colcon.colcon_core.package_identification:_identify(.) by extension 'cmake'
[0.228s] Level 1:colcon.colcon_core.package_identification:_identify(.) by extension 'python'
[0.228s] Level 1:colcon.colcon_core.package_identification:_identify(.) by extensions ['python_setup_py']
[0.228s] Level 1:colcon.colcon_core.package_identification:_identify(.) by extension 'python_setup_py'
[0.228s] Level 1:colcon.colcon_core.package_identification:_identify(FRA532_LAB1_DATASET) by extensions ['ignore', 'ignore_ament_install']
[0.229s] Level 1:colcon.colcon_core.package_identification:_identify(FRA532_LAB1_DATASET) by extension 'ignore'
[0.229s] Level 1:colcon.colcon_core.package_identification:_identify(FRA532_LAB1_DATASET) by extension 'ignore_ament_install'
[0.229s] Level 1:colcon.colcon_core.package_identification:_identify(FRA532_LAB1_DATASET) by extensions ['colcon_pkg']
[0.229s] Level 1:colcon.colcon_core.package_identification:_identify(FRA532_LAB1_DATASET) by extension 'colcon_pkg'
[0.229s] Level 1:colcon.colcon_core.package_identification:_identify(FRA532_LAB1_DATASET) by extensions ['colcon_meta']
[0.229s] Level 1:colcon.colcon_core.package_identification:_identify(FRA532_LAB1_DATASET) by extension 'colcon_meta'
[0.229s] Level 1:colcon.colcon_core.package_identification:_identify(FRA532_LAB1_DATASET) by extensions ['ros']
[0.229s] Level 1:colcon.colcon_core.package_identification:_identify(FRA532_LAB1_DATASET) by extension 'ros'
[0.229s] Level 1:colcon.colcon_core.package_identification:_identify(FRA532_LAB1_DATASET) by extensions ['cmake', 'python']
[0.229s] Level 1:colcon.colcon_core.package_identification:_identify(FRA532_LAB1_DATASET) by extension 'cmake'
[0.229s] Level 1:colcon.colcon_core.package_identification:_identify(FRA532_LAB1_DATASET) by extension 'python'
[0.229s] Level 1:colcon.colcon_core.package_identification:_identify(FRA532_LAB1_DATASET) by extensions ['python_setup_py']
[0.229s] Level 1:colcon.colcon_core.package_identification:_identify(FRA532_LAB1_DATASET) by extension 'python_setup_py'
[0.229s] Level 1:colcon.colcon_core.package_identification:_identify(FRA532_LAB1_DATASET/fibo_floor3_seq00) by extensions ['ignore', 'ignore_ament_install']
[0.229s] Level 1:colcon.colcon_core.package_identification:_identify(FRA532_LAB1_DATASET/fibo_floor3_seq00) by extension 'ignore'
[0.229s] Level 1:colcon.colcon_core.package_identification:_identify(FRA532_LAB1_DATASET/fibo_floor3_seq00) by extension 'ignore_ament_install'
[0.229s] Level 1:colcon.colcon_core.package_identification:_identify(FRA532_LAB1_DATASET/fibo_floor3_seq00) by extensions ['colcon_pkg']
[0.229s] Level 1:colcon.colcon_core.package_identification:_identify(FRA532_LAB1_DATASET/fibo_floor3_seq00) by extension 'colcon_pkg'
[0.229s] Level 1:colcon.colcon_core.package_identification:_identify(FRA532_LAB1_DATASET/fibo_floor3_seq00) by extensions ['colcon_meta']
[0.229s] Level 1:colcon.colcon_core.package_identification:_identify(FRA532_LAB1_DATASET/fibo_floor3_seq00) by extension 'colcon_meta'
[0.229s] Level 1:colcon.colcon_core.package_identification:_identify(FRA532_LAB1_DATASET/fibo_floor3_seq00) by extensions ['ros']
[0.229s] Level 1:colcon.colcon_core.package_identification:_identify(FRA532_LAB1_DATASET/fibo_floor3_seq00) by extension 'ros'
[0.229s] Level 1:colcon.colcon_core.package_identification:_identify(FRA532_LAB1_DATASET/fibo_floor3_seq00) by extensions ['cmake', 'python']
[0.229s] Level 1:colcon.colcon_core.package_identification:_identify(FRA532_LAB1_DATASET/fibo_floor3_seq00) by extension 'cmake'
[0.229s] Level 1:colcon.colcon_core.package_identification:_identify(FRA532_LAB1_DATASET/fibo_floor3_seq00) by extension 'python'
[0.229s] Level 1:colcon.colcon_core.package_identification:_identify(FRA532_LAB1_DATASET/fibo_floor3_seq00) by extensions ['python_setup_py']
[0.229s] Level 1:colcon.colcon_core.package_identification:_identify(FRA532_LAB1_DATASET/fibo_floor3_seq00) by extension 'python_setup_py'
[0.229s] Level 1:colcon.colcon_core.package_identification:_identify(FRA532_LAB1_DATASET/fibo_floor3_seq01) by extensions ['ignore', 'ignore_ament_install']
[0.229s] Level 1:colcon.colcon_core.package_identification:_identify(FRA532_LAB1_DATASET/fibo_floor3_seq01) by extension 'ignore'
[0.229s] Level 1:colcon.colcon_core.package_identification:_identify(FRA532_LAB1_DATASET/fibo_floor3_seq01) by extension 'ignore_ament_install'
[0.229s] Level 1:colcon.colcon_core.package_identification:_identify(FRA532_LAB1_DATASET/fibo_floor3_seq01) by extensions ['colcon_pkg']
[0.229s] Level 1:colcon.colcon_core.package_identification:_identify(FRA532_LAB1_DATASET/fibo_floor3_seq01) by extension 'colcon_pkg'
[0.229s] Level 1:colcon.colcon_core.package_identification:_identify(FRA532_LAB1_DATASET/fibo_floor3_seq01) by extensions ['colcon_meta']
[0.229s] Level 1:colcon.colcon_core.package_identification:_identify(FRA532_LAB1_DATASET/fibo_floor3_seq01) by extension 'colcon_meta'
[0.229s] Level 1:colcon.colcon_core.package_identification:_identify(FRA532_LAB1_DATASET/fibo_floor3_seq01) by extensions ['ros']
[0.229s] Level 1:colcon.colcon_core.package_identification:_identify(FRA532_LAB1_DATASET/fibo_floor3_seq01) by extension 'ros'
[0.230s] Level 1:colcon.colcon_core.package_identification:_identify(FRA532_LAB1_DATASET/fibo_floor3_seq01) by extensions ['cmake', 'python']
[0.230s] Level 1:colcon.colcon_core.package_identification:_identify(FRA532_LAB1_DATASET/fibo_floor3_seq01) by extension 'cmake'
[0.230s] Level 1:colcon.colcon_core.package_identification:_identify(FRA532_LAB1_DATASET/fibo_floor3_seq01) by extension 'python'
[0.230s] Level 1:colcon.colcon_core.package_identification:_identify(FRA532_LAB1_DATASET/fibo_floor3_seq01) by extensions ['python_setup_py']
[0.230s] Level 1:colcon.colcon_core.package_identification:_identify(FRA532_LAB1_DATASET/fibo_floor3_seq01) by extension 'python_setup_py'
[0.230s] Level 1:colcon.colcon_core.package_identification:_identify(FRA532_LAB1_DATASET/fibo_floor3_seq02) by extensions ['ignore', 'ignore_ament_install']
[0.230s] Level 1:colcon.colcon_core.package_identification:_identify(FRA532_LAB1_DATASET/fibo_floor3_seq02) by extension 'ignore'
[0.230s] Level 1:colcon.colcon_core.package_identification:_identify(FRA532_LAB1_DATASET/fibo_floor3_seq02) by extension 'ignore_ament_install'
[0.230s] Level 1:colcon.colcon_core.package_identification:_identify(FRA532_LAB1_DATASET/fibo_floor3_seq02) by extensions ['colcon_pkg']
[0.230s] Level 1:colcon.colcon_core.package_identification:_identify(FRA532_LAB1_DATASET/fibo_floor3_seq02) by extension 'colcon_pkg'
[0.230s] Level 1:colcon.colcon_core.package_identification:_identify(FRA532_LAB1_DATASET/fibo_floor3_seq02) by extensions ['colcon_meta']
[0.230s] Level 1:colcon.colcon_core.package_identification:_identify(FRA532_LAB1_DATASET/fibo_floor3_seq02) by extension 'colcon_meta'
[0.230s] Level 1:colcon.colcon_core.package_identification:_identify(FRA532_LAB1_DATASET/fibo_floor3_seq02) by extensions ['ros']
[0.230s] Level 1:colcon.colcon_core.package_identification:_identify(FRA532_LAB1_DATASET/fibo_floor3_seq02) by extension 'ros'
[0.230s] Level 1:colcon.colcon_core.package_identification:_identify(FRA532_LAB1_DATASET/fibo_floor3_seq02) by extensions ['cmake', 'python']
[0.230s] Level 1:colcon.colcon_core.package_identification:_identify(FRA532_LAB1_DATASET/fibo_floor3_seq02) by extension 'cmake'
[0.230s] Level 1:colcon.colcon_core.package_identification:_identify(FRA532_LAB1_DATASET/fibo_floor3_seq02) by extension 'python'
[0.230s] Level 1:colcon.colcon_core.package_identification:_identify(FRA532_LAB1_DATASET/fibo_floor3_seq02) by extensions ['python_setup_py']
[0.230s] Level 1:colcon.colcon_core.package_identification:_identify(FRA532_LAB1_DATASET/fibo_floor3_seq02) by extension 'python_setup_py'
[0.230s] Level 1:colcon.colcon_core.package_identification:_identify(build) by extensions ['ignore', 'ignore_ament_install']
[0.230s] Level 1:colcon.colcon_core.package_identification:_identify(build) by extension 'ignore'
[0.230s] Level 1:colcon.colcon_core.package_identification:_identify(build) ignored
[0.230s] Level 1:colcon.colcon_core.package_identification:_identify(docs) by extensions ['ignore', 'ignore_ament_install']
[0.230s] Level 1:colcon.colcon_core.package_identification:_identify(docs) by extension 'ignore'
[0.230s] Level 1:colcon.colcon_core.package_identification:_identify(docs) by extension 'ignore_ament_install'
[0.230s] Level 1:colcon.colcon_core.package_identification:_identify(docs) by extensions ['colcon_pkg']
[0.230s] Level 1:colcon.colcon_core.package_identification:_identify(docs) by extension 'colcon_pkg'
[0.230s] Level 1:colcon.colcon_core.package_identification:_identify(docs) by extensions ['colcon_meta']
[0.230s] Level 1:colcon.colcon_core.package_identification:_identify(docs) by extension 'colcon_meta'
[0.230s] Level 1:colcon.colcon_core.package_identification:_identify(docs) by extensions ['ros']
[0.230s] Level 1:colcon.colcon_core.package_identification:_identify(docs) by extension 'ros'
[0.230s] Level 1:colcon.colcon_core.package_identification:_identify(docs) by extensions ['cmake', 'python']
[0.230s] Level 1:colcon.colcon_core.package_identification:_identify(docs) by extension 'cmake'
[0.230s] Level 1:colcon.colcon_core.package_identification:_identify(docs) by extension 'python'
[0.230s] Level 1:colcon.colcon_core.package_identification:_identify(docs) by extensions ['python_setup_py']
[0.230s] Level 1:colcon.colcon_core.package_identification:_identify(docs) by extension 'python_setup_py'
[0.231s] Level 1:colcon.colcon_core.package_identification:_identify(install) by extensions ['ignore', 'ignore_ament_install']
[0.231s] Level 1:colcon.colcon_core.package_identification:_identify(install) by extension 'ignore'
[0.231s] Level 1:colcon.colcon_core.package_identification:_identify(install) ignored
[0.231s] Level 1:colcon.colcon_core.package_identification:_identify(log) by extensions ['ignore', 'ignore_ament_install']
[0.231s] Level 1:colcon.colcon_core.package_identification:_identify(log) by extension 'ignore'
[0.231s] Level 1:colcon.colcon_core.package_identification:_identify(log) ignored
[0.231s] Level 1:colcon.colcon_core.package_identification:_identify(results) by extensions ['ignore', 'ignore_ament_install']
[0.231s] Level 1:colcon.colcon_core.package_identification:_identify(results) by extension 'ignore'
[0.231s] Level 1:colcon.colcon_core.package_identification:_identify(results) by extension 'ignore_ament_install'
[0.231s] Level 1:colcon.colcon_core.package_identification:_identify(results) by extensions ['colcon_pkg']
[0.231s] Level 1:colcon.colcon_core.package_identification:_identify(results) by extension 'colcon_pkg'
[0.231s] Level 1:colcon.colcon_core.package_identification:_identify(results) by extensions ['colcon_meta']
[0.231s] Level 1:colcon.colcon_core.package_identification:_identify(results) by extension 'colcon_meta'
[0.231s] Level 1:colcon.colcon_core.package_identification:_identify(results) by extensions ['ros']
[0.231s] Level 1:colcon.colcon_core.package_identification:_identify(results) by extension 'ros'
[0.231s] Level 1:colcon.colcon_core.package_identification:_identify(results) by extensions ['cmake', 'python']
[0.231s] Level 1:colcon.colcon_core.package_identification:_identify(results) by extension 'cmake'
[0.231s] Level 1:colcon.colcon_core.package_identification:_identify(results) by extension 'python'
[0.231s] Level 1:colcon.colcon_core.package_identification:_identify(results) by extensions ['python_setup_py']
[0.231s] Level 1:colcon.colcon_core.package_identification:_identify(results) by extension 'python_setup_py'
[0.231s] Level 1:colcon.colcon_core.package_identification:_identify(results/analysis) by extensions ['ignore', 'ignore_ament_install']
[0.231s] Level 1:colcon.colcon_core.package_identification:_identify(results/analysis) by extension 'ignore'
[0.231s] Level 1:colcon.colcon_core.package_identification:_identify(results/analysis) by extension 'ignore_ament_install'
[0.231s] Level 1:colcon.colcon_core.package_identification:_identify(results/analysis) by extensions ['colcon_pkg']
[0.231s] Level 1:colcon.colcon_core.package_identification:_identify(results/analysis) by extension 'colcon_pkg'
[0.231s] Level 1:colcon.colcon_core.package_identification:_identify(results/analysis) by extensions ['colcon_meta']
[0.231s] Level 1:colcon.colcon_core.package_identification:_identify(results/analysis) by extension 'colcon_meta'
[0.231s] Level 1:colcon.colcon_core.package_identification:_identify(results/analysis) by extensions ['ros']
[0.231s] Level 1:colcon.colcon_core.package_identification:_identify(results/analysis) by extension 'ros'
[0.231s] Level 1:colcon.colcon_core.package_identification:_identify(results/analysis) by extensions ['cmake', 'python']
[0.231s] Level 1:colcon.colcon_core.package_identification:_identify(results/analysis) by extension 'cmake'
[0.231s] Level 1:colcon.colcon_core.package_identification:_identify(results/analysis) by extension 'python'
[0.231s] Level 1:colcon.colcon_core.package_identification:_identify(results/analysis) by extensions ['python_setup_py']
[0.231s] Level 1:colcon.colcon_core.package_identification:_identify(results/analysis) by extension 'python_setup_py'
[0.231s] Level 1:colcon.colcon_core.package_identification:_identify(results_part1and2) by extensions ['ignore', 'ignore_ament_install']
[0.232s] Level 1:colcon.colcon_core.package_identification:_identify(results_part1and2) by extension 'ignore'
[0.232s] Level 1:colcon.colcon_core.package_identification:_identify(results_part1and2) by extension 'ignore_ament_install'
[0.232s] Level 1:colcon.colcon_core.package_identification:_identify(results_part1and2) by extensions ['colcon_pkg']
[0.232s] Level 1:colcon.colcon_core.package_identification:_identify(results_part1and2) by extension 'colcon_pkg'
[0.232s] Level 1:colcon.colcon_core.package_identification:_identify(results_part1and2) by extensions ['colcon_meta']
[0.232s] Level 1:colcon.colcon_core.package_identification:_identify(results_part1and2) by extension 'colcon_meta'
[0.232s] Level 1:colcon.colcon_core.package_identification:_identify(results_part1and2) by extensions ['ros']
[0.232s] Level 1:colcon.colcon_core.package_identification:_identify(results_part1and2) by extension 'ros'
[0.232s] Level 1:colcon.colcon_core.package_identification:_identify(results_part1and2) by extensions ['cmake', 'python']
[0.232s] Level 1:colcon.colcon_core.package_identification:_identify(results_part1and2) by extension 'cmake'
[0.232s] Level 1:colcon.colcon_core.package_identification:_identify(results_part1and2) by extension 'python'
[0.232s] Level 1:colcon.colcon_core.package_identification:_identify(results_part1and2) by extensions ['python_setup_py']
[0.232s] Level 1:colcon.colcon_core.package_identification:_identify(results_part1and2) by extension 'python_setup_py'
[0.232s] Level 1:colcon.colcon_core.package_identification:_identify(results_part1and2/plots) by extensions ['ignore', 'ignore_ament_install']
[0.232s] Level 1:colcon.colcon_core.package_identification:_identify(results_part1and2/plots) by extension 'ignore'
[0.232s] Level 1:colcon.colcon_core.package_identification:_identify(results_part1and2/plots) by extension 'ignore_ament_install'
[0.232s] Level 1:colcon.colcon_core.package_identification:_identify(results_part1and2/plots) by extensions ['colcon_pkg']
[0.232s] Level 1:colcon.colcon_core.package_identification:_identify(results_part1and2/plots) by extension 'colcon_pkg'
[0.232s] Level 1:colcon.colcon_core.package_identification:_identify(results_part1and2/plots) by extensions ['colcon_meta']
[0.232s] Level 1:colcon.colcon_core.package_identification:_identify(results_part1and2/plots) by extension 'colcon_meta'
[0.232s] Level 1:colcon.colcon_core.package_identification:_identify(results_part1and2/plots) by extensions ['ros']
[0.232s] Level 1:colcon.colcon_core.package_identification:_identify(results_part1and2/plots) by extension 'ros'
[0.232s] Level 1:colcon.colcon_core.package_identification:_identify(results_part1and2/plots) by extensions ['cmake', 'python']
[0.232s] Level 1:colcon.colcon_core.package_identification:_identify(results_part1and2/plots) by extension 'cmake'
[0.232s] Level 1:colcon.colcon_core.package_identification:_identify(results_part1and2/plots) by extension 'python'
[0.232s] Level 1:colcon.colcon_core.package_identification:_identify(results_part1and2/plots) by extensions ['python_setup_py']
[0.232s] Level 1:colcon.colcon_core.package_identification:_identify(results_part1and2/plots) by extension 'python_setup_py'
[0.232s] Level 1:colcon.colcon_core.package_identification:_identify(src) by extensions ['ignore', 'ignore_ament_install']
[0.232s] Level 1:colcon.colcon_core.package_identification:_identify(src) by extension 'ignore'
[0.232s] Level 1:colcon.colcon_core.package_identification:_identify(src) by extension 'ignore_ament_install'
[0.232s] Level 1:colcon.colcon_core.package_identification:_identify(src) by extensions ['colcon_pkg']
[0.232s] Level 1:colcon.colcon_core.package_identification:_identify(src) by extension 'colcon_pkg'
[0.232s] Level 1:colcon.colcon_core.package_identification:_identify(src) by extensions ['colcon_meta']
[0.232s] Level 1:colcon.colcon_core.package_identification:_identify(src) by extension 'colcon_meta'
[0.232s] Level 1:colcon.colcon_core.package_identification:_identify(src) by extensions ['ros']
[0.232s] Level 1:colcon.colcon_core.package_identification:_identify(src) by extension 'ros'
[0.232s] Level 1:colcon.colcon_core.package_identification:_identify(src) by extensions ['cmake', 'python']
[0.232s] Level 1:colcon.colcon_core.package_identification:_identify(src) by extension 'cmake'
[0.232s] Level 1:colcon.colcon_core.package_identification:_identify(src) by extension 'python'
[0.232s] Level 1:colcon.colcon_core.package_identification:_identify(src) by extensions ['python_setup_py']
[0.232s] Level 1:colcon.colcon_core.package_identification:_identify(src) by extension 'python_setup_py'
[0.233s] Level 1:colcon.colcon_core.package_identification:_identify(src/lab1) by extensions ['ignore', 'ignore_ament_install']
[0.233s] Level 1:colcon.colcon_core.package_identification:_identify(src/lab1) by extension 'ignore'
[0.233s] Level 1:colcon.colcon_core.package_identification:_identify(src/lab1) by extension 'ignore_ament_install'
[0.233s] Level 1:colcon.colcon_core.package_identification:_identify(src/lab1) by extensions ['colcon_pkg']
[0.233s] Level 1:colcon.colcon_core.package_identification:_identify(src/lab1) by extension 'colcon_pkg'
[0.233s] Level 1:colcon.colcon_core.package_identification:_identify(src/lab1) by extensions ['colcon_meta']
[0.233s] Level 1:colcon.colcon_core.package_identification:_identify(src/lab1) by extension 'colcon_meta'
[0.233s] Level 1:colcon.colcon_core.package_identification:_identify(src/lab1) by extensions ['ros']
[0.233s] Level 1:colcon.colcon_core.package_identification:_identify(src/lab1) by extension 'ros'
[0.234s] DEBUG:colcon.colcon_core.package_identification:Package 'src/lab1' with type 'ros.ament_cmake' and name 'lab1'
[0.234s] Level 1:colcon.colcon_core.package_discovery:discover_packages(recursive) using defaults
[0.234s] Level 1:colcon.colcon_core.package_discovery:discover_packages(ignore) discover
[0.234s] Level 1:colcon.colcon_core.package_discovery:discover_packages(ignore) using defaults
[0.234s] Level 1:colcon.colcon_core.package_discovery:discover_packages(path) discover
[0.235s] Level 1:colcon.colcon_core.package_discovery:discover_packages(path) using defaults
[0.250s] Level 1:colcon.colcon_core.package_discovery:discover_packages(prefix_path) check parameters
[0.250s] Level 1:colcon.colcon_core.package_discovery:discover_packages(prefix_path) discover
[0.250s] WARNING:colcon.colcon_core.prefix_path.colcon:The path '/home/b/FRA532-LAB1/install' in the environment variable COLCON_PREFIX_PATH doesn't exist
[0.250s] WARNING:colcon.colcon_ros.prefix_path.ament:The path '/home/b/FRA532-LAB1/install/lab1' in the environment variable AMENT_PREFIX_PATH doesn't exist
[0.251s] WARNING:colcon.colcon_ros.prefix_path.catkin:The path '/home/b/FRA532-LAB1/install/lab1' in the environment variable CMAKE_PREFIX_PATH doesn't exist
[0.252s] DEBUG:colcon.colcon_installed_package_information.package_discovery:Found 3 installed packages in /home/b/lookchoop_ws/install
[0.252s] DEBUG:colcon.colcon_installed_package_information.package_discovery:Found 4 installed packages in /home/b/fun2_ws/install
[0.253s] DEBUG:colcon.colcon_installed_package_information.package_discovery:Found 11 installed packages in /home/b/ros2_ws/install
[0.253s] DEBUG:colcon.colcon_installed_package_information.package_discovery:Found 39 installed packages in /home/b/microros_ws/install
[0.255s] DEBUG:colcon.colcon_installed_package_information.package_discovery:Found 456 installed packages in /opt/ros/humble
[0.256s] Level 1:colcon.colcon_core.package_discovery:discover_packages(prefix_path) using defaults
[0.291s] Level 5:colcon.colcon_core.verb:set package 'lab1' build argument 'cmake_args' from command line to 'None'
[0.291s] Level 5:colcon.colcon_core.verb:set package 'lab1' build argument 'cmake_target' from command line to 'None'
[0.291s] Level 5:colcon.colcon_core.verb:set package 'lab1' build argument 'cmake_target_skip_unavailable' from command line to 'False'
[0.291s] Level 5:colcon.colcon_core.verb:set package 'lab1' build argument 'cmake_clean_cache' from command line to 'False'
[0.292s] Level 5:colcon.colcon_core.verb:set package 'lab1' build argument 'cmake_clean_first' from command line to 'False'
[0.292s] Level 5:colcon.colcon_core.verb:set package 'lab1' build argument 'cmake_force_configure' from command line to 'False'
[0.292s] Level 5:colcon.colcon_core.verb:set package 'lab1' build argument 'ament_cmake_args' from command line to 'None'
[0.292s] Level 5:colcon.colcon_core.verb:set package 'lab1' build argument 'catkin_cmake_args' from command line to 'None'
[0.292s] Level 5:colcon.colcon_core.verb:set package 'lab1' build argument 'catkin_skip_building_tests' from command line to 'False'
[0.292s] DEBUG:colcon.colcon_core.verb:Building package 'lab1' with the following arguments: {'ament_cmake_args': None, 'build_base': '/home/b/FRA532-LAB/build/lab1', 'catkin_cmake_args': None, 'catkin_skip_building_tests': False, 'cmake_args': None, 'cmake_clean_cache': False, 'cmake_clean_first': False, 'cmake_force_configure': False, 'cmake_target': None, 'cmake_target_skip_unavailable': False, 'install_base': '/home/b/FRA532-LAB/install/lab1', 'merge_install': False, 'path': '/home/b/FRA532-LAB/src/lab1', 'symlink_install': False, 'test_result_base': None}
[0.292s] INFO:colcon.colcon_core.executor:Executing jobs using 'parallel' executor
[0.292s] DEBUG:colcon.colcon_parallel_executor.executor.parallel:run_until_complete
[0.293s] INFO:colcon.colcon_ros.task.ament_cmake.build:Building ROS package in '/home/b/FRA532-LAB/src/lab1' with build type 'ament_cmake'
[0.293s] INFO:colcon.colcon_cmake.task.cmake.build:Building CMake package in '/home/b/FRA532-LAB/src/lab1'
[0.294s] INFO:colcon.colcon_core.plugin_system:Skipping extension 'colcon_core.shell.bat': Not used on non-Windows systems
[0.294s] INFO:colcon.colcon_core.shell:Skip shell extension 'powershell' for command environment: Not usable outside of PowerShell
[0.294s] DEBUG:colcon.colcon_core.shell:Skip shell extension 'dsv' for command environment
[0.304s] DEBUG:colcon.colcon_core.event_handler.log_command:Invoking command in '/home/b/FRA532-LAB/build/lab1': CMAKE_PREFIX_PATH=${CMAKE_PREFIX_PATH}:/home/b/microros_ws/install/sensor_msgs_py:/opt/ros/humble /usr/bin/cmake /home/b/FRA532-LAB/src/lab1 -DCMAKE_INSTALL_PREFIX=/home/b/FRA532-LAB/install/lab1
[1.540s] DEBUG:colcon.colcon_core.event_handler.log_command:Invoked command in '/home/b/FRA532-LAB/build/lab1' returned '0': CMAKE_PREFIX_PATH=${CMAKE_PREFIX_PATH}:/home/b/microros_ws/install/sensor_msgs_py:/opt/ros/humble /usr/bin/cmake /home/b/FRA532-LAB/src/lab1 -DCMAKE_INSTALL_PREFIX=/home/b/FRA532-LAB/install/lab1
[1.541s] DEBUG:colcon.colcon_core.event_handler.log_command:Invoking command in '/home/b/FRA532-LAB/build/lab1': CMAKE_PREFIX_PATH=${CMAKE_PREFIX_PATH}:/home/b/microros_ws/install/sensor_msgs_py:/opt/ros/humble /usr/bin/cmake --build /home/b/FRA532-LAB/build/lab1 -- -j12 -l12
[1.847s] DEBUG:colcon.colcon_core.event_handler.log_command:Invoked command in '/home/b/FRA532-LAB/build/lab1' returned '0': CMAKE_PREFIX_PATH=${CMAKE_PREFIX_PATH}:/home/b/microros_ws/install/sensor_msgs_py:/opt/ros/humble /usr/bin/cmake --build /home/b/FRA532-LAB/build/lab1 -- -j12 -l12
[1.855s] DEBUG:colcon.colcon_core.event_handler.log_command:Invoking command in '/home/b/FRA532-LAB/build/lab1': CMAKE_PREFIX_PATH=${CMAKE_PREFIX_PATH}:/home/b/microros_ws/install/sensor_msgs_py:/opt/ros/humble /usr/bin/cmake --install /home/b/FRA532-LAB/build/lab1
[1.902s] Level 1:colcon.colcon_core.environment:create_environment_scripts_only(lab1)
[1.902s] DEBUG:colcon.colcon_core.event_handler.log_command:Invoked command in '/home/b/FRA532-LAB/build/lab1' returned '0': CMAKE_PREFIX_PATH=${CMAKE_PREFIX_PATH}:/home/b/microros_ws/install/sensor_msgs_py:/opt/ros/humble /usr/bin/cmake --install /home/b/FRA532-LAB/build/lab1
[1.904s] Level 1:colcon.colcon_core.environment:checking '/home/b/FRA532-LAB/install/lab1' for CMake module files
[1.904s] Level 1:colcon.colcon_core.environment:checking '/home/b/FRA532-LAB/install/lab1' for CMake config files
[1.904s] Level 1:colcon.colcon_core.shell:create_environment_hook('lab1', 'cmake_prefix_path')
[1.904s] INFO:colcon.colcon_core.shell:Creating environment hook '/home/b/FRA532-LAB/install/lab1/share/lab1/hook/cmake_prefix_path.ps1'
[1.905s] INFO:colcon.colcon_core.shell:Creating environment descriptor '/home/b/FRA532-LAB/install/lab1/share/lab1/hook/cmake_prefix_path.dsv'
[1.905s] INFO:colcon.colcon_core.shell:Creating environment hook '/home/b/FRA532-LAB/install/lab1/share/lab1/hook/cmake_prefix_path.sh'
[1.906s] Level 1:colcon.colcon_core.environment:checking '/home/b/FRA532-LAB/install/lab1/lib'
[1.906s] Level 1:colcon.colcon_core.environment:checking '/home/b/FRA532-LAB/install/lab1/bin'
[1.906s] Level 1:colcon.colcon_core.environment:checking '/home/b/FRA532-LAB/install/lab1/lib/pkgconfig/lab1.pc'
[1.906s] Level 1:colcon.colcon_core.environment:checking '/home/b/FRA532-LAB/install/lab1/lib/python3.10/site-packages'
[1.906s] Level 1:colcon.colcon_core.environment:checking '/home/b/FRA532-LAB/install/lab1/bin'
[1.906s] INFO:colcon.colcon_core.shell:Creating package script '/home/b/FRA532-LAB/install/lab1/share/lab1/package.ps1'
[1.907s] INFO:colcon.colcon_core.shell:Creating package descriptor '/home/b/FRA532-LAB/install/lab1/share/lab1/package.dsv'
[1.907s] INFO:colcon.colcon_core.shell:Creating package script '/home/b/FRA532-LAB/install/lab1/share/lab1/package.sh'
[1.907s] INFO:colcon.colcon_core.shell:Creating package script '/home/b/FRA532-LAB/install/lab1/share/lab1/package.bash'
[1.908s] INFO:colcon.colcon_core.shell:Creating package script '/home/b/FRA532-LAB/install/lab1/share/lab1/package.zsh'
[1.908s] Level 1:colcon.colcon_core.environment:create_file_with_runtime_dependencies(/home/b/FRA532-LAB/install/lab1/share/colcon-core/packages/lab1)
[1.908s] Level 1:colcon.colcon_core.environment:create_environment_scripts_only(lab1)
[1.909s] Level 1:colcon.colcon_core.environment:checking '/home/b/FRA532-LAB/install/lab1' for CMake module files
[1.909s] Level 1:colcon.colcon_core.environment:checking '/home/b/FRA532-LAB/install/lab1' for CMake config files
[1.909s] Level 1:colcon.colcon_core.shell:create_environment_hook('lab1', 'cmake_prefix_path')
[1.909s] INFO:colcon.colcon_core.shell:Creating environment hook '/home/b/FRA532-LAB/install/lab1/share/lab1/hook/cmake_prefix_path.ps1'
[1.909s] INFO:colcon.colcon_core.shell:Creating environment descriptor '/home/b/FRA532-LAB/install/lab1/share/lab1/hook/cmake_prefix_path.dsv'
[1.910s] INFO:colcon.colcon_core.shell:Creating environment hook '/home/b/FRA532-LAB/install/lab1/share/lab1/hook/cmake_prefix_path.sh'
[1.910s] Level 1:colcon.colcon_core.environment:checking '/home/b/FRA532-LAB/install/lab1/lib'
[1.910s] Level 1:colcon.colcon_core.environment:checking '/home/b/FRA532-LAB/install/lab1/bin'
[1.910s] Level 1:colcon.colcon_core.environment:checking '/home/b/FRA532-LAB/install/lab1/lib/pkgconfig/lab1.pc'
[1.910s] Level 1:colcon.colcon_core.environment:checking '/home/b/FRA532-LAB/install/lab1/lib/python3.10/site-packages'
[1.910s] Level 1:colcon.colcon_core.environment:checking '/home/b/FRA532-LAB/install/lab1/bin'
[1.910s] INFO:colcon.colcon_core.shell:Creating package script '/home/b/FRA532-LAB/install/lab1/share/lab1/package.ps1'
[1.911s] INFO:colcon.colcon_core.shell:Creating package descriptor '/home/b/FRA532-LAB/install/lab1/share/lab1/package.dsv'
[1.911s] INFO:colcon.colcon_core.shell:Creating package script '/home/b/FRA532-LAB/install/lab1/share/lab1/package.sh'
[1.911s] INFO:colcon.colcon_core.shell:Creating package script '/home/b/FRA532-LAB/install/lab1/share/lab1/package.bash'
[1.911s] INFO:colcon.colcon_core.shell:Creating package script '/home/b/FRA532-LAB/install/lab1/share/lab1/package.zsh'
[1.912s] Level 1:colcon.colcon_core.environment:create_file_with_runtime_dependencies(/home/b/FRA532-LAB/install/lab1/share/colcon-core/packages/lab1)
[1.912s] DEBUG:colcon.colcon_parallel_executor.executor.parallel:closing loop
[1.912s] DEBUG:colcon.colcon_parallel_executor.executor.parallel:loop closed
[1.912s] DEBUG:colcon.colcon_parallel_executor.executor.parallel:run_until_complete finished with '0'
[1.912s] DEBUG:colcon.colcon_core.event_reactor:joining thread
[1.916s] INFO:colcon.colcon_core.plugin_system:Skipping extension 'colcon_notification.desktop_notification.terminal_notifier': Not used on non-Darwin systems
[1.916s] INFO:colcon.colcon_core.plugin_system:Skipping extension 'colcon_notification.desktop_notification.win32': Not used on non-Windows systems
[1.916s] INFO:colcon.colcon_notification.desktop_notification:Sending desktop notification using 'notify2'
[1.924s] DEBUG:colcon.colcon_core.event_reactor:joined thread
[1.924s] INFO:colcon.colcon_core.shell:Creating prefix script '/home/b/FRA532-LAB/install/local_setup.ps1'
[1.925s] INFO:colcon.colcon_core.shell:Creating prefix util module '/home/b/FRA532-LAB/install/_local_setup_util_ps1.py'
[1.926s] INFO:colcon.colcon_core.shell:Creating prefix chain script '/home/b/FRA532-LAB/install/setup.ps1'
[1.927s] INFO:colcon.colcon_core.shell:Creating prefix script '/home/b/FRA532-LAB/install/local_setup.sh'
[1.928s] INFO:colcon.colcon_core.shell:Creating prefix util module '/home/b/FRA532-LAB/install/_local_setup_util_sh.py'
[1.928s] INFO:colcon.colcon_core.shell:Creating prefix chain script '/home/b/FRA532-LAB/install/setup.sh'
[1.930s] INFO:colcon.colcon_core.shell:Creating prefix script '/home/b/FRA532-LAB/install/local_setup.bash'
[1.930s] INFO:colcon.colcon_core.shell:Creating prefix chain script '/home/b/FRA532-LAB/install/setup.bash'
[1.932s] INFO:colcon.colcon_core.shell:Creating prefix script '/home/b/FRA532-LAB/install/local_setup.zsh'
[1.932s] INFO:colcon.colcon_core.shell:Creating prefix chain script '/home/b/FRA532-LAB/install/setup.zsh'
