[100%] Built target cpp_node_test
[100%] Built target ament_cmake_python_copy_lab1
running egg_info
writing lab1.egg-info/PKG-INFO
writing dependency_links to lab1.egg-info/dependency_links.txt
writing top-level names to lab1.egg-info/top_level.txt
reading manifest file 'lab1.egg-info/SOURCES.txt'
writing manifest file 'lab1.egg-info/SOURCES.txt'
[100%] Built target ament_cmake_python_build_lab1_egg
-- Install configuration: ""
-- Up-to-date: /home/b/FRA532-LAB/install/lab1/share/lab1/environment/pythonpath.sh
-- Up-to-date: /home/b/FRA532-LAB/install/lab1/share/lab1/environment/pythonpath.dsv
-- Up-to-date: /home/b/FRA532-LAB/install/lab1/local/lib/python3.10/dist-packages/lab1-0.0.0-py3.10.egg-info
-- Installing: /home/b/FRA532-LAB/install/lab1/local/lib/python3.10/dist-packages/lab1-0.0.0-py3.10.egg-info/SOURCES.txt
-- Installing: /home/b/FRA532-LAB/install/lab1/local/lib/python3.10/dist-packages/lab1-0.0.0-py3.10.egg-info/dependency_links.txt
-- Installing: /home/b/FRA532-LAB/install/lab1/local/lib/python3.10/dist-packages/lab1-0.0.0-py3.10.egg-info/top_level.txt
-- Installing: /home/b/FRA532-LAB/install/lab1/local/lib/python3.10/dist-packages/lab1-0.0.0-py3.10.egg-info/PKG-INFO
-- Up-to-date: /home/b/FRA532-LAB/install/lab1/local/lib/python3.10/dist-packages/lab1
-- Up-to-date: /home/b/FRA532-LAB/install/lab1/local/lib/python3.10/dist-packages/lab1/dummy_module.py
-- Up-to-date: /home/b/FRA532-LAB/install/lab1/local/lib/python3.10/dist-packages/lab1/__init__.py
Listing '/home/b/FRA532-LAB/install/lab1/local/lib/python3.10/dist-packages/lab1'...
-- Up-to-date: /home/b/FRA532-LAB/install/lab1/lib/lab1/wheel_odometry.py
-- Up-to-date: /home/b/FRA532-LAB/install/lab1/lib/lab1/ekf_odometry.py
-- Up-to-date: /home/b/FRA532-LAB/install/lab1/lib/lab1/icp_odometry.py
-- Up-to-date: /home/b/FRA532-LAB/install/lab1/lib/lab1/slam.py
-- Up-to-date: /home/b/FRA532-LAB/install/lab1/lib/lab1/analyze_trajectories.py
-- Up-to-date: /home/b/FRA532-LAB/install/lab1/lib/lab1/cpp_node_test
-- Up-to-date: /home/b/FRA532-LAB/install/lab1/share/lab1/launch
-- Up-to-date: /home/b/FRA532-LAB/install/lab1/share/lab1/launch/part2_complete.launch.py
-- Up-to-date: /home/b/FRA532-LAB/install/lab1/share/lab1/launch/plot_analysis.launch.py
-- Up-to-date: /home/b/FRA532-LAB/install/lab1/share/lab1/launch/part1_complete.launch.py
-- Up-to-date: /home/b/FRA532-LAB/install/lab1/share/lab1/launch/part3_complete.launch.py
-- Up-to-date: /home/b/FRA532-LAB/install/lab1/share/lab1/rviz
-- Up-to-date: /home/b/FRA532-LAB/install/lab1/share/lab1/rviz/part3.rviz
-- Up-to-date: /home/b/FRA532-LAB/install/lab1/share/lab1/rviz/part2.rviz
-- Up-to-date: /home/b/FRA532-LAB/install/lab1/share/lab1/rviz/part1.rviz
-- Up-to-date: /home/b/FRA532-LAB/install/lab1/share/lab1/config
-- Up-to-date: /home/b/FRA532-LAB/install/lab1/share/lab1/config/slam_toolbox_params.yaml
-- Up-to-date: /home/b/FRA532-LAB/install/lab1/share/ament_index/resource_index/package_run_dependencies/lab1
-- Up-to-date: /home/b/FRA532-LAB/install/lab1/share/ament_index/resource_index/parent_prefix_path/lab1
-- Up-to-date: /home/b/FRA532-LAB/install/lab1/share/lab1/environment/ament_prefix_path.sh
-- Up-to-date: /home/b/FRA532-LAB/install/lab1/share/lab1/environment/ament_prefix_path.dsv
-- Up-to-date: /home/b/FRA532-LAB/install/lab1/share/lab1/environment/path.sh
-- Up-to-date: /home/b/FRA532-LAB/install/lab1/share/lab1/environment/path.dsv
-- Up-to-date: /home/b/FRA532-LAB/install/lab1/share/lab1/local_setup.bash
-- Up-to-date: /home/b/FRA532-LAB/install/lab1/share/lab1/local_setup.sh
-- Up-to-date: /home/b/FRA532-LAB/install/lab1/share/lab1/local_setup.zsh
-- Up-to-date: /home/b/FRA532-LAB/install/lab1/share/lab1/local_setup.dsv
-- Installing: /home/b/FRA532-LAB/install/lab1/share/lab1/package.dsv
-- Up-to-date: /home/b/FRA532-LAB/install/lab1/share/ament_index/resource_index/packages/lab1
-- Up-to-date: /home/b/FRA532-LAB/install/lab1/share/lab1/cmake/lab1Config.cmake
-- Up-to-date: /home/b/FRA532-LAB/install/lab1/share/lab1/cmake/lab1Config-version.cmake
-- Up-to-date: /home/b/FRA532-LAB/install/lab1/share/lab1/package.xml
