-- The C compiler identification is GNU 11.4.0
-- The CXX compiler identification is GNU 11.4.0
-- Detecting C compiler ABI info
-- Detecting C compiler ABI info - done
-- Check for working C compiler: /usr/bin/cc - skipped
-- Detecting C compile features
-- Detecting C compile features - done
-- Detecting CXX compiler ABI info
-- Detecting CXX compiler ABI info - done
-- Check for working CXX compiler: /usr/bin/c++ - skipped
-- Detecting CXX compile features
-- Detecting CXX compile features - done
-- Found ament_cmake: 1.3.12 (/opt/ros/humble/share/ament_cmake/cmake)
-- Found Python3: /usr/bin/python3 (found version "3.10.12") found components: Interpreter 
-- Found rclcpp: 16.0.15 (/opt/ros/humble/share/rclcpp/cmake)
-- Found rosidl_generator_c: 3.1.7 (/opt/ros/humble/share/rosidl_generator_c/cmake)
-- Found rosidl_adapter: 3.1.7 (/opt/ros/humble/share/rosidl_adapter/cmake)
-- Found rosidl_generator_cpp: 3.1.7 (/opt/ros/humble/share/rosidl_generator_cpp/cmake)
-- Using all available rosidl_typesupport_c: rosidl_typesupport_microxrcedds_c;rosidl_typesupport_fastrtps_c;rosidl_typesupport_introspection_c
-- Using all available rosidl_typesupport_cpp: rosidl_typesupport_microxrcedds_cpp;rosidl_typesupport_fastrtps_cpp;rosidl_typesupport_introspection_cpp
-- Found rmw_implementation_cmake: 6.1.2 (/opt/ros/humble/share/rmw_implementation_cmake/cmake)
-- Found rmw_fastrtps_cpp: 6.2.8 (/opt/ros/humble/share/rmw_fastrtps_cpp/cmake)
-- Found OpenSSL: /usr/lib/x86_64-linux-gnu/libcrypto.so (found version "3.0.2")  
-- Found FastRTPS: /opt/ros/humble/include  
-- Using RMW implementation 'rmw_fastrtps_cpp' as default
-- Looking for pthread.h
-- Looking for pthread.h - found
-- Performing Test CMAKE_HAVE_LIBC_PTHREAD
-- Performing Test CMAKE_HAVE_LIBC_PTHREAD - Success
-- Found Threads: TRUE  
-- Found rclpy: 3.3.17 (/opt/ros/humble/share/rclpy/cmake)
-- Configuring done
-- Generating done
-- Build files have been written to: /home/b/FRA532-LAB/build/lab1
[ 50%] [32mBuilding CXX object CMakeFiles/cpp_node_test.dir/src/cpp_node.cpp.o[0m
[ 50%] Built target ament_cmake_python_copy_lab1
[100%] [32m[1mLinking CXX executable cpp_node_test[0m
running egg_info
creating lab1.egg-info
writing lab1.egg-info/PKG-INFO
writing dependency_links to lab1.egg-info/dependency_links.txt
writing top-level names to lab1.egg-info/top_level.txt
writing manifest file 'lab1.egg-info/SOURCES.txt'
reading manifest file 'lab1.egg-info/SOURCES.txt'
writing manifest file 'lab1.egg-info/SOURCES.txt'
[100%] Built target ament_cmake_python_build_lab1_egg
[100%] Built target cpp_node_test
-- Install configuration: ""
-- Installing: /home/b/FRA532-LAB/install/lab1/share/lab1/environment/pythonpath.sh
-- Installing: /home/b/FRA532-LAB/install/lab1/share/lab1/environment/pythonpath.dsv
-- Installing: /home/b/FRA532-LAB/install/lab1/local/lib/python3.10/dist-packages/lab1-0.0.0-py3.10.egg-info
-- Installing: /home/b/FRA532-LAB/install/lab1/local/lib/python3.10/dist-packages/lab1-0.0.0-py3.10.egg-info/SOURCES.txt
-- Installing: /home/b/FRA532-LAB/install/lab1/local/lib/python3.10/dist-packages/lab1-0.0.0-py3.10.egg-info/dependency_links.txt
-- Installing: /home/b/FRA532-LAB/install/lab1/local/lib/python3.10/dist-packages/lab1-0.0.0-py3.10.egg-info/top_level.txt
-- Installing: /home/b/FRA532-LAB/install/lab1/local/lib/python3.10/dist-packages/lab1-0.0.0-py3.10.egg-info/PKG-INFO
-- Installing: /home/b/FRA532-LAB/install/lab1/local/lib/python3.10/dist-packages/lab1
-- Installing: /home/b/FRA532-LAB/install/lab1/local/lib/python3.10/dist-packages/lab1/dummy_module.py
-- Installing: /home/b/FRA532-LAB/install/lab1/local/lib/python3.10/dist-packages/lab1/__init__.py
Listing '/home/b/FRA532-LAB/install/lab1/local/lib/python3.10/dist-packages/lab1'...
Compiling '/home/b/FRA532-LAB/install/lab1/local/lib/python3.10/dist-packages/lab1/__init__.py'...
Compiling '/home/b/FRA532-LAB/install/lab1/local/lib/python3.10/dist-packages/lab1/dummy_module.py'...
-- Installing: /home/b/FRA532-LAB/install/lab1/lib/lab1/wheel_odometry.py
-- Installing: /home/b/FRA532-LAB/install/lab1/lib/lab1/ekf_odometry.py
-- Installing: /home/b/FRA532-LAB/install/lab1/lib/lab1/icp_odometry.py
-- Installing: /home/b/FRA532-LAB/install/lab1/lib/lab1/slam.py
-- Installing: /home/b/FRA532-LAB/install/lab1/lib/lab1/analyze_trajectories.py
-- Installing: /home/b/FRA532-LAB/install/lab1/lib/lab1/cpp_node_test
-- Set runtime path of "/home/b/FRA532-LAB/install/lab1/lib/lab1/cpp_node_test" to ""
-- Installing: /home/b/FRA532-LAB/install/lab1/share/lab1/launch
-- Installing: /home/b/FRA532-LAB/install/lab1/share/lab1/launch/part2_complete.launch.py
-- Installing: /home/b/FRA532-LAB/install/lab1/share/lab1/launch/plot_analysis.launch.py
-- Installing: /home/b/FRA532-LAB/install/lab1/share/lab1/launch/part1_complete.launch.py
-- Installing: /home/b/FRA532-LAB/install/lab1/share/lab1/launch/part3_complete.launch.py
-- Installing: /home/b/FRA532-LAB/install/lab1/share/lab1/rviz
-- Installing: /home/b/FRA532-LAB/install/lab1/share/lab1/rviz/part3.rviz
-- Installing: /home/b/FRA532-LAB/install/lab1/share/lab1/rviz/part2.rviz
-- Installing: /home/b/FRA532-LAB/install/lab1/share/lab1/rviz/part1.rviz
-- Installing: /home/b/FRA532-LAB/install/lab1/share/lab1/config
-- Installing: /home/b/FRA532-LAB/install/lab1/share/lab1/config/slam_toolbox_params.yaml
-- Installing: /home/b/FRA532-LAB/install/lab1/share/ament_index/resource_index/package_run_dependencies/lab1
-- Installing: /home/b/FRA532-LAB/install/lab1/share/ament_index/resource_index/parent_prefix_path/lab1
-- Installing: /home/b/FRA532-LAB/install/lab1/share/lab1/environment/ament_prefix_path.sh
-- Installing: /home/b/FRA532-LAB/install/lab1/share/lab1/environment/ament_prefix_path.dsv
-- Installing: /home/b/FRA532-LAB/install/lab1/share/lab1/environment/path.sh
-- Installing: /home/b/FRA532-LAB/install/lab1/share/lab1/environment/path.dsv
-- Installing: /home/b/FRA532-LAB/install/lab1/share/lab1/local_setup.bash
-- Installing: /home/b/FRA532-LAB/install/lab1/share/lab1/local_setup.sh
-- Installing: /home/b/FRA532-LAB/install/lab1/share/lab1/local_setup.zsh
-- Installing: /home/b/FRA532-LAB/install/lab1/share/lab1/local_setup.dsv
-- Installing: /home/b/FRA532-LAB/install/lab1/share/lab1/package.dsv
-- Installing: /home/b/FRA532-LAB/install/lab1/share/ament_index/resource_index/packages/lab1
-- Installing: /home/b/FRA532-LAB/install/lab1/share/lab1/cmake/lab1Config.cmake
-- Installing: /home/b/FRA532-LAB/install/lab1/share/lab1/cmake/lab1Config-version.cmake
-- Installing: /home/b/FRA532-LAB/install/lab1/share/lab1/package.xml
