[0.011s] Invoking command in '/home/b/FRA532-LAB/build/lab1': CMAKE_PREFIX_PATH=${CMAKE_PREFIX_PATH}:/home/b/microros_ws/install/sensor_msgs_py:/opt/ros/humble /usr/bin/cmake /home/b/FRA532-LAB/src/lab1 -DCMAKE_INSTALL_PREFIX=/home/b/FRA532-LAB/install/lab1
[0.085s] -- The C compiler identification is GNU 11.4.0
[0.127s] -- The CXX compiler identification is GNU 11.4.0
[0.132s] -- Detecting C compiler ABI info
[0.199s] -- Detecting C compiler ABI info - done
[0.203s] -- Check for working C compiler: /usr/bin/cc - skipped
[0.203s] -- Detecting C compile features
[0.204s] -- Detecting C compile features - done
[0.206s] -- Detecting CXX compiler ABI info
[0.286s] -- Detecting CXX compiler ABI info - done
[0.291s] -- Check for working CXX compiler: /usr/bin/c++ - skipped
[0.291s] -- Detecting CXX compile features
[0.292s] -- Detecting CXX compile features - done
[0.296s] -- Found ament_cmake: 1.3.12 (/opt/ros/humble/share/ament_cmake/cmake)
[0.448s] -- Found Python3: /usr/bin/python3 (found version "3.10.12") found components: Interpreter 
[0.558s] -- Found rclcpp: 16.0.15 (/opt/ros/humble/share/rclcpp/cmake)
[0.613s] -- Found rosidl_generator_c: 3.1.7 (/opt/ros/humble/share/rosidl_generator_c/cmake)
[0.621s] -- Found rosidl_adapter: 3.1.7 (/opt/ros/humble/share/rosidl_adapter/cmake)
[0.632s] -- Found rosidl_generator_cpp: 3.1.7 (/opt/ros/humble/share/rosidl_generator_cpp/cmake)
[0.646s] -- Using all available rosidl_typesupport_c: rosidl_typesupport_microxrcedds_c;rosidl_typesupport_fastrtps_c;rosidl_typesupport_introspection_c
[0.670s] -- Using all available rosidl_typesupport_cpp: rosidl_typesupport_microxrcedds_cpp;rosidl_typesupport_fastrtps_cpp;rosidl_typesupport_introspection_cpp
[0.727s] -- Found rmw_implementation_cmake: 6.1.2 (/opt/ros/humble/share/rmw_implementation_cmake/cmake)
[0.733s] -- Found rmw_fastrtps_cpp: 6.2.8 (/opt/ros/humble/share/rmw_fastrtps_cpp/cmake)
[0.837s] -- Found OpenSSL: /usr/lib/x86_64-linux-gnu/libcrypto.so (found version "3.0.2")  
[0.862s] -- Found FastRTPS: /opt/ros/humble/include  
[0.899s] -- Using RMW implementation 'rmw_fastrtps_cpp' as default
[0.912s] -- Looking for pthread.h
[0.985s] -- Looking for pthread.h - found
[0.985s] -- Performing Test CMAKE_HAVE_LIBC_PTHREAD
[1.063s] -- Performing Test CMAKE_HAVE_LIBC_PTHREAD - Success
[1.064s] -- Found Threads: TRUE  
[1.104s] -- Found rclpy: 3.3.17 (/opt/ros/humble/share/rclpy/cmake)
[1.232s] -- Configuring done
[1.238s] -- Generating done
[1.241s] -- Build files have been written to: /home/b/FRA532-LAB/build/lab1
[1.247s] Invoked command in '/home/b/FRA532-LAB/build/lab1' returned '0': CMAKE_PREFIX_PATH=${CMAKE_PREFIX_PATH}:/home/b/microros_ws/install/sensor_msgs_py:/opt/ros/humble /usr/bin/cmake /home/b/FRA532-LAB/src/lab1 -DCMAKE_INSTALL_PREFIX=/home/b/FRA532-LAB/install/lab1
[1.248s] Invoking command in '/home/b/FRA532-LAB/build/lab1': CMAKE_PREFIX_PATH=${CMAKE_PREFIX_PATH}:/home/b/microros_ws/install/sensor_msgs_py:/opt/ros/humble /usr/bin/cmake --build /home/b/FRA532-LAB/build/lab1 -- -j12 -l12
[1.297s] [ 50%] [32mBuilding CXX object CMakeFiles/cpp_node_test.dir/src/cpp_node.cpp.o[0m
[1.306s] [ 50%] Built target ament_cmake_python_copy_lab1
[1.473s] [100%] [32m[1mLinking CXX executable cpp_node_test[0m
[1.513s] running egg_info
[1.514s] creating lab1.egg-info
[1.514s] writing lab1.egg-info/PKG-INFO
[1.514s] writing dependency_links to lab1.egg-info/dependency_links.txt
[1.514s] writing top-level names to lab1.egg-info/top_level.txt
[1.514s] writing manifest file 'lab1.egg-info/SOURCES.txt'
[1.516s] reading manifest file 'lab1.egg-info/SOURCES.txt'
[1.516s] writing manifest file 'lab1.egg-info/SOURCES.txt'
[1.540s] [100%] Built target ament_cmake_python_build_lab1_egg
[1.544s] [100%] Built target cpp_node_test
[1.554s] Invoked command in '/home/b/FRA532-LAB/build/lab1' returned '0': CMAKE_PREFIX_PATH=${CMAKE_PREFIX_PATH}:/home/b/microros_ws/install/sensor_msgs_py:/opt/ros/humble /usr/bin/cmake --build /home/b/FRA532-LAB/build/lab1 -- -j12 -l12
[1.562s] Invoking command in '/home/b/FRA532-LAB/build/lab1': CMAKE_PREFIX_PATH=${CMAKE_PREFIX_PATH}:/home/b/microros_ws/install/sensor_msgs_py:/opt/ros/humble /usr/bin/cmake --install /home/b/FRA532-LAB/build/lab1
[1.569s] -- Install configuration: ""
[1.569s] -- Installing: /home/b/FRA532-LAB/install/lab1/share/lab1/environment/pythonpath.sh
[1.569s] -- Installing: /home/b/FRA532-LAB/install/lab1/share/lab1/environment/pythonpath.dsv
[1.569s] -- Installing: /home/b/FRA532-LAB/install/lab1/local/lib/python3.10/dist-packages/lab1-0.0.0-py3.10.egg-info
[1.569s] -- Installing: /home/b/FRA532-LAB/install/lab1/local/lib/python3.10/dist-packages/lab1-0.0.0-py3.10.egg-info/SOURCES.txt
[1.570s] -- Installing: /home/b/FRA532-LAB/install/lab1/local/lib/python3.10/dist-packages/lab1-0.0.0-py3.10.egg-info/dependency_links.txt
[1.570s] -- Installing: /home/b/FRA532-LAB/install/lab1/local/lib/python3.10/dist-packages/lab1-0.0.0-py3.10.egg-info/top_level.txt
[1.570s] -- Installing: /home/b/FRA532-LAB/install/lab1/local/lib/python3.10/dist-packages/lab1-0.0.0-py3.10.egg-info/PKG-INFO
[1.570s] -- Installing: /home/b/FRA532-LAB/install/lab1/local/lib/python3.10/dist-packages/lab1
[1.570s] -- Installing: /home/b/FRA532-LAB/install/lab1/local/lib/python3.10/dist-packages/lab1/dummy_module.py
[1.570s] -- Installing: /home/b/FRA532-LAB/install/lab1/local/lib/python3.10/dist-packages/lab1/__init__.py
[1.603s] Listing '/home/b/FRA532-LAB/install/lab1/local/lib/python3.10/dist-packages/lab1'...
[1.603s] Compiling '/home/b/FRA532-LAB/install/lab1/local/lib/python3.10/dist-packages/lab1/__init__.py'...
[1.603s] Compiling '/home/b/FRA532-LAB/install/lab1/local/lib/python3.10/dist-packages/lab1/dummy_module.py'...
[1.606s] -- Installing: /home/b/FRA532-LAB/install/lab1/lib/lab1/wheel_odometry.py
[1.606s] -- Installing: /home/b/FRA532-LAB/install/lab1/lib/lab1/ekf_odometry.py
[1.606s] -- Installing: /home/b/FRA532-LAB/install/lab1/lib/lab1/icp_odometry.py
[1.606s] -- Installing: /home/b/FRA532-LAB/install/lab1/lib/lab1/slam.py
[1.606s] -- Installing: /home/b/FRA532-LAB/install/lab1/lib/lab1/analyze_trajectories.py
[1.606s] -- Installing: /home/b/FRA532-LAB/install/lab1/lib/lab1/cpp_node_test
[1.606s] -- Set runtime path of "/home/b/FRA532-LAB/install/lab1/lib/lab1/cpp_node_test" to ""
[1.606s] -- Installing: /home/b/FRA532-LAB/install/lab1/share/lab1/launch
[1.606s] -- Installing: /home/b/FRA532-LAB/install/lab1/share/lab1/launch/part2_complete.launch.py
[1.606s] -- Installing: /home/b/FRA532-LAB/install/lab1/share/lab1/launch/plot_analysis.launch.py
[1.606s] -- Installing: /home/b/FRA532-LAB/install/lab1/share/lab1/launch/part1_complete.launch.py
[1.606s] -- Installing: /home/b/FRA532-LAB/install/lab1/share/lab1/launch/part3_complete.launch.py
[1.606s] -- Installing: /home/b/FRA532-LAB/install/lab1/share/lab1/rviz
[1.606s] -- Installing: /home/b/FRA532-LAB/install/lab1/share/lab1/rviz/part3.rviz
[1.606s] -- Installing: /home/b/FRA532-LAB/install/lab1/share/lab1/rviz/part2.rviz
[1.606s] -- Installing: /home/b/FRA532-LAB/install/lab1/share/lab1/rviz/part1.rviz
[1.606s] -- Installing: /home/b/FRA532-LAB/install/lab1/share/lab1/config
[1.607s] -- Installing: /home/b/FRA532-LAB/install/lab1/share/lab1/config/slam_toolbox_params.yaml
[1.607s] -- Installing: /home/b/FRA532-LAB/install/lab1/share/ament_index/resource_index/package_run_dependencies/lab1
[1.607s] -- Installing: /home/b/FRA532-LAB/install/lab1/share/ament_index/resource_index/parent_prefix_path/lab1
[1.607s] -- Installing: /home/b/FRA532-LAB/install/lab1/share/lab1/environment/ament_prefix_path.sh
[1.607s] -- Installing: /home/b/FRA532-LAB/install/lab1/share/lab1/environment/ament_prefix_path.dsv
[1.607s] -- Installing: /home/b/FRA532-LAB/install/lab1/share/lab1/environment/path.sh
[1.607s] -- Installing: /home/b/FRA532-LAB/install/lab1/share/lab1/environment/path.dsv
[1.607s] -- Installing: /home/b/FRA532-LAB/install/lab1/share/lab1/local_setup.bash
[1.607s] -- Installing: /home/b/FRA532-LAB/install/lab1/share/lab1/local_setup.sh
[1.607s] -- Installing: /home/b/FRA532-LAB/install/lab1/share/lab1/local_setup.zsh
[1.607s] -- Installing: /home/b/FRA532-LAB/install/lab1/share/lab1/local_setup.dsv
[1.607s] -- Installing: /home/b/FRA532-LAB/install/lab1/share/lab1/package.dsv
[1.607s] -- Installing: /home/b/FRA532-LAB/install/lab1/share/ament_index/resource_index/packages/lab1
[1.607s] -- Installing: /home/b/FRA532-LAB/install/lab1/share/lab1/cmake/lab1Config.cmake
[1.607s] -- Installing: /home/b/FRA532-LAB/install/lab1/share/lab1/cmake/lab1Config-version.cmake
[1.607s] -- Installing: /home/b/FRA532-LAB/install/lab1/share/lab1/package.xml
[1.609s] Invoked command in '/home/b/FRA532-LAB/build/lab1' returned '0': CMAKE_PREFIX_PATH=${CMAKE_PREFIX_PATH}:/home/b/microros_ws/install/sensor_msgs_py:/opt/ros/humble /usr/bin/cmake --install /home/b/FRA532-LAB/build/lab1
